// Jest Snapshot v1, https://goo.gl/fbAQLP

exports[`SignUpForm SignUpForm container should properly render the component elements 1`] = `
<ContextConsumer>
  <Component />
</ContextConsumer>
`;

exports[`SignUpForm container should properly render the component elements 1`] = `
<ContextConsumer>
  <Component />
</ContextConsumer>
`;

exports[`SignUpForm should properly render the component elements 1`] = `
<ContextConsumer>
  <Component />
</ContextConsumer>
`;
