// Jest Snapshot v1, https://goo.gl/fbAQLP

exports[`MovieDetails component should properly render the component elements 1`] = `
<div
  className="MovieDetails"
>
  <img
    className="movie-image"
    src="https://image.tmdb.org/t/p/w500undefined"
  />
  <div
    className="movie-info"
  >
    <h3
      className="movie-title"
    />
    <p
      className="movie-overview"
    >
       
    </p>
    <p
      className="movie-details"
    >
      <span
        className="detail-bold"
      >
        Release Date: 
      </span>
    </p>
    <p
      className="movie-details"
    >
      <span
        className="detail-bold"
      >
        Rating: 
      </span>
    </p>
  </div>
</div>
`;
