// Jest Snapshot v1, https://goo.gl/fbAQLP

exports[`LoginForm LoginForm container should properly render the component elements 1`] = `
<form
  className="LoginForm"
  onSubmit={[Function]}
>
  <h2>
    Log In
  </h2>
  <label
    htmlFor="email"
  >
    Email:
  </label>
  <input
    className="email-input"
    id="email"
    onChange={[Function]}
    type="email"
  />
  <label
    htmlFor="password"
  >
    Password:
  </label>
  <input
    id="password"
    onChange={[Function]}
    type="password"
  />
  <input
    type="submit"
    value="login"
  />
</form>
`;
